// 同步 ID: 96876703 @ Sat Jul 25 12:24:57 UTC 2026
// 同步 ID: b591627b @ Sat Jul 25 16:54:04 UTC 2026
// 重构日志: 80c9787d
// 重构日志: 06904065
// 同步 ID: 9374cb6d @ Fri Jul 31 09:19:55 UTC 2026
// 重构日志: 8e00903a
// 同步 ID: 37f491d2 @ Sat Aug  1 08:47:07 UTC 2026
// 重构日志: 11607dfb
// 重构日志: 9796a445
// 同步 ID: 41688188 @ Sun Aug  2 08:45:50 UTC 2026
// 重构日志: df4e5160
// 重构日志: 622a0add
// 重构日志: a3c8dd6b
// 重构日志: b7b3191d
// 重构日志: 1d4184d9
// 重构日志: 62605e09
// 同步 ID: 6286399f @ Tue Aug  4 12:52:04 UTC 2026
// 同步 ID: 1272ba13 @ Tue Aug  4 15:15:02 UTC 2026
// 同步 ID: 64b7b09d @ Fri Aug  7 01:13:24 UTC 2026
// 重构日志: afd6cd96
// 重构日志: c38f6420
// 重构日志: d8b9dec8
// 同步 ID: 3a2f6968 @ Fri Aug  7 16:36:34 UTC 2026
// 重构日志: dcb99c98
// 同步 ID: 1a155a2a @ Sat Aug  8 04:42:28 UTC 2026
// 同步 ID: a7cdec2c @ Sat Aug  8 05:50:17 UTC 2026
// 重构日志: 5f449f36
// 同步 ID: 787efda7 @ Sat Aug  8 12:21:14 UTC 2026
// 同步 ID: a6ac4f02 @ Sat Aug  8 14:24:16 UTC 2026
// 同步 ID: bb25d1b8 @ Sat Aug  8 15:36:52 UTC 2026
